[1A[2K[2m[WebServer] [22mLoaded Prisma config from prisma.config.ts.
[2m[WebServer] [22m

[1A[2K[2m[WebServer] [22mPrisma schema loaded from prisma/schema.prisma.

[1A[2K[2m[WebServer] [22m(node:46764) Warning: The 'NO_COLOR' env is ignored due to the 'FORCE_COLOR' env being set.
[2m[WebServer] [22m(Use `node --trace-warnings ...` to show where the warning was created)

[1A[2K[2m[WebServer] [22m(node:46765) Warning: The 'NO_COLOR' env is ignored due to the 'FORCE_COLOR' env being set.
[2m[WebServer] [22m(Use `node --trace-warnings ...` to show where the warning was created)

[1A[2K[2m[WebServer] [22m(node:46782) Warning: The 'NO_COLOR' env is ignored due to the 'FORCE_COLOR' env being set.
[2m[WebServer] [22m(Use `node --trace-warnings ...` to show where the warning was created)


Running 6 tests using 1 worker

[1A[2K(node:46784) Warning: The 'NO_COLOR' env is ignored due to the 'FORCE_COLOR' env being set.
(Use `node --trace-warnings ...` to show where the warning was created)


[1A[2K(node:46784) Warning: The 'NO_COLOR' env is ignored due to the 'FORCE_COLOR' env being set.
(Use `node --trace-warnings ...` to show where the warning was created)


[1A[2K[1/6] [chromium] › tests/e2e/search.spec.ts:43:5 › exact word and phrase controls preserve scope and explicit sort
[1A[2K[2/6] [chromium] › tests/e2e/search.spec.ts:76:5 › unavailable embeddings keeps scoped exact results and a Settings recovery link
[1A[2K(node:46792) Warning: The 'NO_COLOR' env is ignored due to the 'FORCE_COLOR' env being set.
(Use `node --trace-warnings ...` to show where the warning was created)


[1A[2K(node:46792) Warning: The 'NO_COLOR' env is ignored due to the 'FORCE_COLOR' env being set.
(Use `node --trace-warnings ...` to show where the warning was created)


[1A[2K[3/6] [chromium] › tests/e2e/search.spec.ts:43:5 › exact word and phrase controls preserve scope and explicit sort
[1A[2K[4/6] [chromium] › tests/e2e/search.spec.ts:76:5 › unavailable embeddings keeps scoped exact results and a Settings recovery link
[1A[2K(node:46800) Warning: The 'NO_COLOR' env is ignored due to the 'FORCE_COLOR' env being set.
(Use `node --trace-warnings ...` to show where the warning was created)


[1A[2K(node:46800) Warning: The 'NO_COLOR' env is ignored due to the 'FORCE_COLOR' env being set.
(Use `node --trace-warnings ...` to show where the warning was created)


[1A[2K[5/6] [chromium] › tests/e2e/search.spec.ts:43:5 › exact word and phrase controls preserve scope and explicit sort
[1A[2K[6/6] [chromium] › tests/e2e/search.spec.ts:76:5 › unavailable embeddings keeps scoped exact results and a Settings recovery link
[1A[2K  6 passed (11.8s)
