src/app/api/bookmarks/embeddings/sync/route.ts(22,48): error TS2345: Argument of type 'DynamicClientExtensionThis<TypeMap<InternalArgs & { result: {}; model: {}; query: {}; client: {}; }, {}>, TypeMapCb<PrismaClientOptions>, { result: {}; model: {}; query: {}; client: {}; }>' is not assignable to parameter of type 'PrismaClient<PrismaClientOptions, never, DefaultArgs>'.
  Property '$on' is missing in type 'DynamicClientExtensionThis<TypeMap<InternalArgs & { result: {}; model: {}; query: {}; client: {}; }, {}>, TypeMapCb<PrismaClientOptions>, { result: {}; model: {}; query: {}; client: {}; }>' but required in type 'PrismaClient<PrismaClientOptions, never, DefaultArgs>'.
src/app/api/bookmarks/embeddings/sync/route.ts(38,41): error TS2345: Argument of type 'DynamicClientExtensionThis<TypeMap<InternalArgs & { result: {}; model: {}; query: {}; client: {}; }, {}>, TypeMapCb<PrismaClientOptions>, { result: {}; model: {}; query: {}; client: {}; }>' is not assignable to parameter of type 'PrismaClient<PrismaClientOptions, never, DefaultArgs>'.
  Property '$on' is missing in type 'DynamicClientExtensionThis<TypeMap<InternalArgs & { result: {}; model: {}; query: {}; client: {}; }, {}>, TypeMapCb<PrismaClientOptions>, { result: {}; model: {}; query: {}; client: {}; }>' but required in type 'PrismaClient<PrismaClientOptions, never, DefaultArgs>'.
src/app/api/enrich/one/route.ts(151,79): error TS2345: Argument of type 'Omit<DynamicClientExtensionThis<TypeMap<InternalArgs & { result: {}; model: {}; query: {}; client: {}; }, {}>, TypeMapCb<PrismaClientOptions>, { result: {}; model: {}; query: {}; client: {}; }>, "$connect" | ... 3 more ... | "$extends">' is not assignable to parameter of type 'TransactionClient'.
  The types of 'settings.findUnique' are incompatible between these types.
    Type '<A extends SettingsFindUniqueArgs<InternalArgs & { result: {}; model: {}; query: {}; client: {}; }>>(args: Exact<A, SettingsFindUniqueArgs<InternalArgs & { result: {}; model: {}; query: {}; client: {}; }>>) => DynamicModelExtensionFluentApi<...> & PrismaPromise<...>' is not assignable to type '<T extends SettingsFindUniqueArgs>(args: SelectSubset<T, SettingsFindUniqueArgs<DefaultArgs>>) => Prisma__SettingsClient<GetFindResult<$SettingsPayload<DefaultArgs>, T, PrismaClientOptions> | null, null, DefaultArgs, PrismaClientOptions>'.
      Types of parameters 'args' and 'args' are incompatible.
        Type 'SelectSubset<T, SettingsFindUniqueArgs<DefaultArgs>>' is not assignable to type 'Exact<T, SettingsFindUniqueArgs<InternalArgs & { result: {}; model: {}; query: {}; client: {}; }>>'.
          Type 'SelectSubset<T, SettingsFindUniqueArgs<DefaultArgs>>' is not assignable to type 'T extends Narrowable ? T : never'.
src/app/api/enrich/route.ts(283,85): error TS2345: Argument of type 'Omit<DynamicClientExtensionThis<TypeMap<InternalArgs & { result: {}; model: {}; query: {}; client: {}; }, {}>, TypeMapCb<PrismaClientOptions>, { result: {}; model: {}; query: {}; client: {}; }>, "$connect" | ... 3 more ... | "$extends">' is not assignable to parameter of type 'TransactionClient'.
  The types of 'settings.findUnique' are incompatible between these types.
    Type '<A extends SettingsFindUniqueArgs<InternalArgs & { result: {}; model: {}; query: {}; client: {}; }>>(args: Exact<A, SettingsFindUniqueArgs<InternalArgs & { result: {}; model: {}; query: {}; client: {}; }>>) => DynamicModelExtensionFluentApi<...> & PrismaPromise<...>' is not assignable to type '<T extends SettingsFindUniqueArgs>(args: SelectSubset<T, SettingsFindUniqueArgs<DefaultArgs>>) => Prisma__SettingsClient<GetFindResult<$SettingsPayload<DefaultArgs>, T, PrismaClientOptions> | null, null, DefaultArgs, PrismaClientOptions>'.
      Types of parameters 'args' and 'args' are incompatible.
        Type 'SelectSubset<T, SettingsFindUniqueArgs<DefaultArgs>>' is not assignable to type 'Exact<T, SettingsFindUniqueArgs<InternalArgs & { result: {}; model: {}; query: {}; client: {}; }>>'.
          Type 'SelectSubset<T, SettingsFindUniqueArgs<DefaultArgs>>' is not assignable to type 'T extends Narrowable ? T : never'.
src/lib/restore-validation.ts(27,75): error TS2571: Object is of type 'unknown'.
src/lib/restore-validation.ts(47,123): error TS2571: Object is of type 'unknown'.
tests/unit/embedding-index-real-db.test.ts(147,71): error TS2345: Argument of type 'Omit<DynamicClientExtensionThis<TypeMap<InternalArgs & { result: {}; model: {}; query: {}; client: {}; }, {}>, TypeMapCb<PrismaClientOptions>, { result: {}; model: {}; query: {}; client: {}; }>, "$connect" | ... 3 more ... | "$extends">' is not assignable to parameter of type 'TransactionClient'.
  The types of 'settings.findUnique' are incompatible between these types.
    Type '<A extends SettingsFindUniqueArgs<InternalArgs & { result: {}; model: {}; query: {}; client: {}; }>>(args: Exact<A, SettingsFindUniqueArgs<InternalArgs & { result: {}; model: {}; query: {}; client: {}; }>>) => DynamicModelExtensionFluentApi<...> & PrismaPromise<...>' is not assignable to type '<T extends SettingsFindUniqueArgs>(args: SelectSubset<T, SettingsFindUniqueArgs<DefaultArgs>>) => Prisma__SettingsClient<GetFindResult<$SettingsPayload<DefaultArgs>, T, PrismaClientOptions> | null, null, DefaultArgs, PrismaClientOptions>'.
      Types of parameters 'args' and 'args' are incompatible.
        Type 'SelectSubset<T, SettingsFindUniqueArgs<DefaultArgs>>' is not assignable to type 'Exact<T, SettingsFindUniqueArgs<InternalArgs & { result: {}; model: {}; query: {}; client: {}; }>>'.
          Type 'SelectSubset<T, SettingsFindUniqueArgs<DefaultArgs>>' is not assignable to type 'T extends Narrowable ? T : never'.
tests/unit/embedding-index-real-db.test.ts(158,38): error TS2345: Argument of type 'Omit<DynamicClientExtensionThis<TypeMap<InternalArgs & { result: {}; model: {}; query: {}; client: {}; }, {}>, TypeMapCb<PrismaClientOptions>, { result: {}; model: {}; query: {}; client: {}; }>, "$connect" | ... 3 more ... | "$extends">' is not assignable to parameter of type 'TransactionClient'.
  The types of 'settings.findUnique' are incompatible between these types.
    Type '<A extends SettingsFindUniqueArgs<InternalArgs & { result: {}; model: {}; query: {}; client: {}; }>>(args: Exact<A, SettingsFindUniqueArgs<InternalArgs & { result: {}; model: {}; query: {}; client: {}; }>>) => DynamicModelExtensionFluentApi<...> & PrismaPromise<...>' is not assignable to type '<T extends SettingsFindUniqueArgs>(args: SelectSubset<T, SettingsFindUniqueArgs<DefaultArgs>>) => Prisma__SettingsClient<GetFindResult<$SettingsPayload<DefaultArgs>, T, PrismaClientOptions> | null, null, DefaultArgs, PrismaClientOptions>'.
      Types of parameters 'args' and 'args' are incompatible.
        Type 'SelectSubset<T, SettingsFindUniqueArgs<DefaultArgs>>' is not assignable to type 'Exact<T, SettingsFindUniqueArgs<InternalArgs & { result: {}; model: {}; query: {}; client: {}; }>>'.
          Type 'SelectSubset<T, SettingsFindUniqueArgs<DefaultArgs>>' is not assignable to type 'T extends Narrowable ? T : never'.
tests/unit/embedding-job-real-db.test.ts(34,46): error TS2345: Argument of type 'DynamicClientExtensionThis<TypeMap<InternalArgs & { result: {}; model: {}; query: {}; client: {}; }, {}>, TypeMapCb<PrismaClientOptions>, { result: {}; model: {}; query: {}; client: {}; }>' is not assignable to parameter of type 'PrismaClient<PrismaClientOptions, never, DefaultArgs>'.
  Property '$on' is missing in type 'DynamicClientExtensionThis<TypeMap<InternalArgs & { result: {}; model: {}; query: {}; client: {}; }, {}>, TypeMapCb<PrismaClientOptions>, { result: {}; model: {}; query: {}; client: {}; }>' but required in type 'PrismaClient<PrismaClientOptions, never, DefaultArgs>'.
tests/unit/embedding-job-real-db.test.ts(51,35): error TS2345: Argument of type 'DynamicClientExtensionThis<TypeMap<InternalArgs & { result: {}; model: {}; query: {}; client: {}; }, {}>, TypeMapCb<PrismaClientOptions>, { result: {}; model: {}; query: {}; client: {}; }>' is not assignable to parameter of type 'PrismaClient<PrismaClientOptions, never, DefaultArgs>'.
  Property '$on' is missing in type 'DynamicClientExtensionThis<TypeMap<InternalArgs & { result: {}; model: {}; query: {}; client: {}; }, {}>, TypeMapCb<PrismaClientOptions>, { result: {}; model: {}; query: {}; client: {}; }>' but required in type 'PrismaClient<PrismaClientOptions, never, DefaultArgs>'.
tests/unit/embedding-job-real-db.test.ts(55,34): error TS2345: Argument of type 'DynamicClientExtensionThis<TypeMap<InternalArgs & { result: {}; model: {}; query: {}; client: {}; }, {}>, TypeMapCb<PrismaClientOptions>, { result: {}; model: {}; query: {}; client: {}; }>' is not assignable to parameter of type 'PrismaClient<PrismaClientOptions, never, DefaultArgs>'.
  Property '$on' is missing in type 'DynamicClientExtensionThis<TypeMap<InternalArgs & { result: {}; model: {}; query: {}; client: {}; }, {}>, TypeMapCb<PrismaClientOptions>, { result: {}; model: {}; query: {}; client: {}; }>' but required in type 'PrismaClient<PrismaClientOptions, never, DefaultArgs>'.
tests/unit/embedding-job-real-db.test.ts(58,42): error TS2345: Argument of type 'DynamicClientExtensionThis<TypeMap<InternalArgs & { result: {}; model: {}; query: {}; client: {}; }, {}>, TypeMapCb<PrismaClientOptions>, { result: {}; model: {}; query: {}; client: {}; }>' is not assignable to parameter of type 'PrismaClient<PrismaClientOptions, never, DefaultArgs>'.
  Property '$on' is missing in type 'DynamicClientExtensionThis<TypeMap<InternalArgs & { result: {}; model: {}; query: {}; client: {}; }, {}>, TypeMapCb<PrismaClientOptions>, { result: {}; model: {}; query: {}; client: {}; }>' but required in type 'PrismaClient<PrismaClientOptions, never, DefaultArgs>'.
tests/unit/embedding-job-real-db.test.ts(66,28): error TS2345: Argument of type 'DynamicClientExtensionThis<TypeMap<InternalArgs & { result: {}; model: {}; query: {}; client: {}; }, {}>, TypeMapCb<PrismaClientOptions>, { result: {}; model: {}; query: {}; client: {}; }>' is not assignable to parameter of type 'PrismaClient<PrismaClientOptions, never, DefaultArgs>'.
  Property '$on' is missing in type 'DynamicClientExtensionThis<TypeMap<InternalArgs & { result: {}; model: {}; query: {}; client: {}; }, {}>, TypeMapCb<PrismaClientOptions>, { result: {}; model: {}; query: {}; client: {}; }>' but required in type 'PrismaClient<PrismaClientOptions, never, DefaultArgs>'.
tests/unit/embedding-job-real-db.test.ts(79,35): error TS2345: Argument of type 'DynamicClientExtensionThis<TypeMap<InternalArgs & { result: {}; model: {}; query: {}; client: {}; }, {}>, TypeMapCb<PrismaClientOptions>, { result: {}; model: {}; query: {}; client: {}; }>' is not assignable to parameter of type 'PrismaClient<PrismaClientOptions, never, DefaultArgs>'.
  Property '$on' is missing in type 'DynamicClientExtensionThis<TypeMap<InternalArgs & { result: {}; model: {}; query: {}; client: {}; }, {}>, TypeMapCb<PrismaClientOptions>, { result: {}; model: {}; query: {}; client: {}; }>' but required in type 'PrismaClient<PrismaClientOptions, never, DefaultArgs>'.
tests/unit/embedding-job-real-db.test.ts(81,34): error TS2345: Argument of type 'DynamicClientExtensionThis<TypeMap<InternalArgs & { result: {}; model: {}; query: {}; client: {}; }, {}>, TypeMapCb<PrismaClientOptions>, { result: {}; model: {}; query: {}; client: {}; }>' is not assignable to parameter of type 'PrismaClient<PrismaClientOptions, never, DefaultArgs>'.
  Property '$on' is missing in type 'DynamicClientExtensionThis<TypeMap<InternalArgs & { result: {}; model: {}; query: {}; client: {}; }, {}>, TypeMapCb<PrismaClientOptions>, { result: {}; model: {}; query: {}; client: {}; }>' but required in type 'PrismaClient<PrismaClientOptions, never, DefaultArgs>'.
tests/unit/embedding-job-real-db.test.ts(89,34): error TS2345: Argument of type 'DynamicClientExtensionThis<TypeMap<InternalArgs & { result: {}; model: {}; query: {}; client: {}; }, {}>, TypeMapCb<PrismaClientOptions>, { result: {}; model: {}; query: {}; client: {}; }>' is not assignable to parameter of type 'PrismaClient<PrismaClientOptions, never, DefaultArgs>'.
  Property '$on' is missing in type 'DynamicClientExtensionThis<TypeMap<InternalArgs & { result: {}; model: {}; query: {}; client: {}; }, {}>, TypeMapCb<PrismaClientOptions>, { result: {}; model: {}; query: {}; client: {}; }>' but required in type 'PrismaClient<PrismaClientOptions, never, DefaultArgs>'.
tests/unit/embedding-job-real-db.test.ts(94,43): error TS2345: Argument of type 'DynamicClientExtensionThis<TypeMap<InternalArgs & { result: {}; model: {}; query: {}; client: {}; }, {}>, TypeMapCb<PrismaClientOptions>, { result: {}; model: {}; query: {}; client: {}; }>' is not assignable to parameter of type 'PrismaClient<PrismaClientOptions, never, DefaultArgs>'.
  Property '$on' is missing in type 'DynamicClientExtensionThis<TypeMap<InternalArgs & { result: {}; model: {}; query: {}; client: {}; }, {}>, TypeMapCb<PrismaClientOptions>, { result: {}; model: {}; query: {}; client: {}; }>' but required in type 'PrismaClient<PrismaClientOptions, never, DefaultArgs>'.
tests/unit/embedding-job-real-db.test.ts(99,60): error TS2345: Argument of type 'DynamicClientExtensionThis<TypeMap<InternalArgs & { result: {}; model: {}; query: {}; client: {}; }, {}>, TypeMapCb<PrismaClientOptions>, { result: {}; model: {}; query: {}; client: {}; }>' is not assignable to parameter of type 'PrismaClient<PrismaClientOptions, never, DefaultArgs>'.
  Property '$on' is missing in type 'DynamicClientExtensionThis<TypeMap<InternalArgs & { result: {}; model: {}; query: {}; client: {}; }, {}>, TypeMapCb<PrismaClientOptions>, { result: {}; model: {}; query: {}; client: {}; }>' but required in type 'PrismaClient<PrismaClientOptions, never, DefaultArgs>'.
tests/unit/v4-acceptance.test.ts(116,69): error TS2345: Argument of type 'Omit<DynamicClientExtensionThis<TypeMap<InternalArgs & { result: {}; model: {}; query: {}; client: {}; }, {}>, TypeMapCb<PrismaClientOptions>, { result: {}; model: {}; query: {}; client: {}; }>, "$connect" | ... 3 more ... | "$extends">' is not assignable to parameter of type 'TransactionClient'.
  The types of 'settings.findUnique' are incompatible between these types.
    Type '<A extends SettingsFindUniqueArgs<InternalArgs & { result: {}; model: {}; query: {}; client: {}; }>>(args: Exact<A, SettingsFindUniqueArgs<InternalArgs & { result: {}; model: {}; query: {}; client: {}; }>>) => DynamicModelExtensionFluentApi<...> & PrismaPromise<...>' is not assignable to type '<T extends SettingsFindUniqueArgs>(args: SelectSubset<T, SettingsFindUniqueArgs<DefaultArgs>>) => Prisma__SettingsClient<GetFindResult<$SettingsPayload<DefaultArgs>, T, PrismaClientOptions> | null, null, DefaultArgs, PrismaClientOptions>'.
      Types of parameters 'args' and 'args' are incompatible.
        Type 'SelectSubset<T, SettingsFindUniqueArgs<DefaultArgs>>' is not assignable to type 'Exact<T, SettingsFindUniqueArgs<InternalArgs & { result: {}; model: {}; query: {}; client: {}; }>>'.
          Type 'SelectSubset<T, SettingsFindUniqueArgs<DefaultArgs>>' is not assignable to type 'T extends Narrowable ? T : never'.
tests/unit/v4-acceptance.test.ts(120,45): error TS2345: Argument of type 'Omit<DynamicClientExtensionThis<TypeMap<InternalArgs & { result: {}; model: {}; query: {}; client: {}; }, {}>, TypeMapCb<PrismaClientOptions>, { result: {}; model: {}; query: {}; client: {}; }>, "$connect" | ... 3 more ... | "$extends">' is not assignable to parameter of type 'TransactionClient'.
  The types of 'settings.findUnique' are incompatible between these types.
    Type '<A extends SettingsFindUniqueArgs<InternalArgs & { result: {}; model: {}; query: {}; client: {}; }>>(args: Exact<A, SettingsFindUniqueArgs<InternalArgs & { result: {}; model: {}; query: {}; client: {}; }>>) => DynamicModelExtensionFluentApi<...> & PrismaPromise<...>' is not assignable to type '<T extends SettingsFindUniqueArgs>(args: SelectSubset<T, SettingsFindUniqueArgs<DefaultArgs>>) => Prisma__SettingsClient<GetFindResult<$SettingsPayload<DefaultArgs>, T, PrismaClientOptions> | null, null, DefaultArgs, PrismaClientOptions>'.
      Types of parameters 'args' and 'args' are incompatible.
        Type 'SelectSubset<T, SettingsFindUniqueArgs<DefaultArgs>>' is not assignable to type 'Exact<T, SettingsFindUniqueArgs<InternalArgs & { result: {}; model: {}; query: {}; client: {}; }>>'.
          Type 'SelectSubset<T, SettingsFindUniqueArgs<DefaultArgs>>' is not assignable to type 'T extends Narrowable ? T : never'.
tests/unit/v4-evidence-job-acceptance.test.ts(69,46): error TS2345: Argument of type 'DynamicClientExtensionThis<TypeMap<InternalArgs & { result: {}; model: {}; query: {}; client: {}; }, {}>, TypeMapCb<PrismaClientOptions>, { result: {}; model: {}; query: {}; client: {}; }>' is not assignable to parameter of type 'PrismaClient<PrismaClientOptions, never, DefaultArgs>'.
  Property '$on' is missing in type 'DynamicClientExtensionThis<TypeMap<InternalArgs & { result: {}; model: {}; query: {}; client: {}; }, {}>, TypeMapCb<PrismaClientOptions>, { result: {}; model: {}; query: {}; client: {}; }>' but required in type 'PrismaClient<PrismaClientOptions, never, DefaultArgs>'.
tests/unit/v4-evidence-job-acceptance.test.ts(77,36): error TS2345: Argument of type 'DynamicClientExtensionThis<TypeMap<InternalArgs & { result: {}; model: {}; query: {}; client: {}; }, {}>, TypeMapCb<PrismaClientOptions>, { result: {}; model: {}; query: {}; client: {}; }>' is not assignable to parameter of type 'PrismaClient<PrismaClientOptions, never, DefaultArgs>'.
  Property '$on' is missing in type 'DynamicClientExtensionThis<TypeMap<InternalArgs & { result: {}; model: {}; query: {}; client: {}; }, {}>, TypeMapCb<PrismaClientOptions>, { result: {}; model: {}; query: {}; client: {}; }>' but required in type 'PrismaClient<PrismaClientOptions, never, DefaultArgs>'.
tests/unit/v4-evidence-job-acceptance.test.ts(85,37): error TS2345: Argument of type 'DynamicClientExtensionThis<TypeMap<InternalArgs & { result: {}; model: {}; query: {}; client: {}; }, {}>, TypeMapCb<PrismaClientOptions>, { result: {}; model: {}; query: {}; client: {}; }>' is not assignable to parameter of type 'PrismaClient<PrismaClientOptions, never, DefaultArgs>'.
  Property '$on' is missing in type 'DynamicClientExtensionThis<TypeMap<InternalArgs & { result: {}; model: {}; query: {}; client: {}; }, {}>, TypeMapCb<PrismaClientOptions>, { result: {}; model: {}; query: {}; client: {}; }>' but required in type 'PrismaClient<PrismaClientOptions, never, DefaultArgs>'.
tests/unit/v4-evidence-job-acceptance.test.ts(86,37): error TS2345: Argument of type 'DynamicClientExtensionThis<TypeMap<InternalArgs & { result: {}; model: {}; query: {}; client: {}; }, {}>, TypeMapCb<PrismaClientOptions>, { result: {}; model: {}; query: {}; client: {}; }>' is not assignable to parameter of type 'PrismaClient<PrismaClientOptions, never, DefaultArgs>'.
  Property '$on' is missing in type 'DynamicClientExtensionThis<TypeMap<InternalArgs & { result: {}; model: {}; query: {}; client: {}; }, {}>, TypeMapCb<PrismaClientOptions>, { result: {}; model: {}; query: {}; client: {}; }>' but required in type 'PrismaClient<PrismaClientOptions, never, DefaultArgs>'.
tests/unit/v4-evidence-job-acceptance.test.ts(87,34): error TS2345: Argument of type 'DynamicClientExtensionThis<TypeMap<InternalArgs & { result: {}; model: {}; query: {}; client: {}; }, {}>, TypeMapCb<PrismaClientOptions>, { result: {}; model: {}; query: {}; client: {}; }>' is not assignable to parameter of type 'PrismaClient<PrismaClientOptions, never, DefaultArgs>'.
  Property '$on' is missing in type 'DynamicClientExtensionThis<TypeMap<InternalArgs & { result: {}; model: {}; query: {}; client: {}; }, {}>, TypeMapCb<PrismaClientOptions>, { result: {}; model: {}; query: {}; client: {}; }>' but required in type 'PrismaClient<PrismaClientOptions, never, DefaultArgs>'.
